// Vitest Snapshot v1, https://vitest.dev/guide/snapshot.html

exports[`URL stability — built chapter and section paths > the full set of /chapters/v*/<chapter>/[<section>] paths matches the snapshot 1`] = `
[
  "/chapters/v1/capabilities",
  "/chapters/v1/capabilities/appendix-discussion-on-llms",
  "/chapters/v1/capabilities/appendix-expert-surveys",
  "/chapters/v1/capabilities/appendix-forecasting",
  "/chapters/v1/capabilities/appendix-takeoff",
  "/chapters/v1/capabilities/current-capabilities",
  "/chapters/v1/capabilities/defining-and-measuring-agi",
  "/chapters/v1/capabilities/forecasting-timelines",
  "/chapters/v1/capabilities/foundation-models",
  "/chapters/v1/capabilities/introduction",
  "/chapters/v1/capabilities/leveraging-scale",
  "/chapters/v1/capabilities/takeoff",
  "/chapters/v1/evaluations",
  "/chapters/v1/evaluations/benchmarks",
  "/chapters/v1/evaluations/conclusion",
  "/chapters/v1/evaluations/control-evaluations",
  "/chapters/v1/evaluations/dangerous-capability-evaluations",
  "/chapters/v1/evaluations/dangerous-propensity-evaluations",
  "/chapters/v1/evaluations/evaluated-properties",
  "/chapters/v1/evaluations/evaluation-design",
  "/chapters/v1/evaluations/evaluation-frameworks",
  "/chapters/v1/evaluations/evaluation-techniques",
  "/chapters/v1/evaluations/introduction",
  "/chapters/v1/evaluations/limitations",
  "/chapters/v1/goal-misgeneralization",
  "/chapters/v1/goal-misgeneralization/detection",
  "/chapters/v1/goal-misgeneralization/goal-directedness",
  "/chapters/v1/goal-misgeneralization/introduction",
  "/chapters/v1/goal-misgeneralization/learning-dynamics",
  "/chapters/v1/goal-misgeneralization/mitigations",
  "/chapters/v1/goal-misgeneralization/multi-objective-generalization",
  "/chapters/v1/goal-misgeneralization/scheming",
  "/chapters/v1/governance",
  "/chapters/v1/governance/appendix-data-governance",
  "/chapters/v1/governance/appendix-national-governance",
  "/chapters/v1/governance/compute-governance",
  "/chapters/v1/governance/conclusion",
  "/chapters/v1/governance/governance-architectures",
  "/chapters/v1/governance/governance-problems",
  "/chapters/v1/governance/implementation",
  "/chapters/v1/governance/introduction",
  "/chapters/v1/governance/systemic-challenges",
  "/chapters/v1/risks",
  "/chapters/v1/risks/appendix-forecasting-scenarios",
  "/chapters/v1/risks/appendix-quantifying-existential-risks",
  "/chapters/v1/risks/conclusion",
  "/chapters/v1/risks/dangerous-capabilities",
  "/chapters/v1/risks/introduction",
  "/chapters/v1/risks/misalignment-risks",
  "/chapters/v1/risks/misuse-risks",
  "/chapters/v1/risks/risk-amplifiers",
  "/chapters/v1/risks/risk-decomposition",
  "/chapters/v1/risks/systemic-risks",
  "/chapters/v1/scalable-oversight",
  "/chapters/v1/scalable-oversight/debate",
  "/chapters/v1/scalable-oversight/introduction",
  "/chapters/v1/scalable-oversight/iterated-amplification",
  "/chapters/v1/scalable-oversight/oversight",
  "/chapters/v1/scalable-oversight/process-oversight",
  "/chapters/v1/scalable-oversight/task-decomposition",
  "/chapters/v1/scalable-oversight/weak-to-strong-w2s",
  "/chapters/v1/specification-gaming",
  "/chapters/v1/specification-gaming/introduction",
  "/chapters/v1/specification-gaming/learning-from-feedback",
  "/chapters/v1/specification-gaming/learning-from-imitation",
  "/chapters/v1/specification-gaming/optimization",
  "/chapters/v1/specification-gaming/reinforcement-learning",
  "/chapters/v1/specification-gaming/specification-gaming",
  "/chapters/v1/strategies",
  "/chapters/v1/strategies/agi-safety-strategies",
  "/chapters/v1/strategies/appendix-long-term-questions",
  "/chapters/v1/strategies/asi-safety-strategies",
  "/chapters/v1/strategies/challenges",
  "/chapters/v1/strategies/combining-strategies",
  "/chapters/v1/strategies/conclusion",
  "/chapters/v1/strategies/definitions",
  "/chapters/v1/strategies/introduction",
  "/chapters/v1/strategies/misuse-prevention-strategies",
  "/chapters/v1/strategies/socio-technical-strategies",
]
`;
