// Vitest Snapshot v1, https://vitest.dev/guide/snapshot.html

exports[`Transformer.transformChapter > produces a stable AST for 1TzouUrIM5Sa… 1`] = `
{
  "number": 2,
  "sectionCount": 10,
  "sections": [
    {
      "footnoteCount": 0,
      "nodeKinds": {
        "Figure": 1,
        "Paragraph": 9,
        "Span": 16,
      },
      "readingTimeInSeconds": 221.39999999999998,
      "slug": "introduction",
      "title": "Introduction",
      "topLevelNodeCount": 10,
    },
    {
      "footnoteCount": 0,
      "nodeKinds": {
        "Definition": 1,
        "Figure": 4,
        "Footnote": 1,
        "Heading": 2,
        "Iframe": 1,
        "Link": 21,
        "List": 1,
        "ListItem": 3,
        "NoteBox": 2,
        "Paragraph": 15,
        "Span": 54,
      },
      "readingTimeInSeconds": 508.8,
      "slug": "risk-decomposition",
      "title": "Risk Decomposition",
      "topLevelNodeCount": 20,
    },
    {
      "footnoteCount": 0,
      "nodeKinds": {
        "Figure": 5,
        "Heading": 5,
        "Link": 26,
        "NoteBox": 2,
        "Paragraph": 23,
        "Quote": 3,
        "Span": 75,
        "SpanGroup": 3,
      },
      "readingTimeInSeconds": 886.7999999999998,
      "slug": "dangerous-capabilities",
      "title": "Dangerous Capabilities",
      "topLevelNodeCount": 33,
    },
    {
      "footnoteCount": 0,
      "nodeKinds": {
        "Figure": 14,
        "Footnote": 1,
        "Heading": 4,
        "Link": 78,
        "NoteBox": 3,
        "Paragraph": 52,
        "Span": 176,
        "Video": 2,
      },
      "readingTimeInSeconds": 1869.0000000000002,
      "slug": "misuse-risks",
      "title": "Misuse Risks",
      "topLevelNodeCount": 59,
    },
    {
      "footnoteCount": 0,
      "nodeKinds": {
        "Definition": 1,
        "Figure": 8,
        "Footnote": 2,
        "Heading": 3,
        "Iframe": 1,
        "Link": 26,
        "List": 1,
        "ListItem": 3,
        "NoteBox": 1,
        "Paragraph": 28,
        "Quote": 2,
        "Span": 94,
        "SpanGroup": 2,
        "Video": 2,
      },
      "readingTimeInSeconds": 1191.2999999999997,
      "slug": "misalignment-risks",
      "title": "Misalignment Risks",
      "topLevelNodeCount": 41,
    },
    {
      "footnoteCount": 0,
      "nodeKinds": {
        "Figure": 2,
        "Heading": 7,
        "Iframe": 2,
        "Link": 37,
        "List": 2,
        "ListItem": 10,
        "NoteBox": 3,
        "Paragraph": 40,
        "Quote": 2,
        "Span": 143,
        "SpanGroup": 2,
      },
      "readingTimeInSeconds": 1310.6999999999996,
      "slug": "systemic-risks",
      "title": "Systemic Risks",
      "topLevelNodeCount": 48,
    },
    {
      "footnoteCount": 0,
      "nodeKinds": {
        "Figure": 5,
        "Heading": 5,
        "Iframe": 1,
        "Link": 29,
        "NoteBox": 3,
        "Paragraph": 30,
        "Quote": 2,
        "Span": 97,
        "SpanGroup": 2,
      },
      "readingTimeInSeconds": 986.1,
      "slug": "risk-amplifiers",
      "title": "Risk Amplifiers",
      "topLevelNodeCount": 39,
    },
    {
      "footnoteCount": 0,
      "nodeKinds": {
        "Figure": 1,
        "Paragraph": 3,
        "Quote": 1,
        "Span": 5,
        "SpanGroup": 1,
      },
      "readingTimeInSeconds": 100.50000000000001,
      "slug": "conclusion",
      "title": "Conclusion",
      "topLevelNodeCount": 5,
    },
    {
      "footnoteCount": 0,
      "nodeKinds": {
        "Figure": 2,
        "Link": 3,
        "List": 1,
        "ListItem": 12,
        "Paragraph": 4,
        "Span": 23,
      },
      "readingTimeInSeconds": 130.20000000000005,
      "slug": "appendix-quantifying-existential-risks",
      "title": "Appendix: Quantifying Existential Risks",
      "topLevelNodeCount": 7,
    },
    {
      "footnoteCount": 0,
      "nodeKinds": {
        "Heading": 2,
        "Iframe": 2,
        "Link": 3,
        "Paragraph": 17,
        "Span": 36,
      },
      "readingTimeInSeconds": 651.6000000000001,
      "slug": "appendix-forecasting-scenarios",
      "title": "Appendix: Forecasting Scenarios",
      "topLevelNodeCount": 21,
    },
  ],
  "title": "Risks",
}
`;

exports[`Transformer.transformChapter > produces a stable AST for 1Z5YL7x65G06… 1`] = `
{
  "number": 8,
  "sectionCount": 7,
  "sections": [
    {
      "footnoteCount": 0,
      "nodeKinds": {
        "Paragraph": 6,
        "Span": 12,
      },
      "readingTimeInSeconds": 159.29999999999998,
      "slug": "introduction",
      "title": "Introduction",
      "topLevelNodeCount": 6,
    },
    {
      "footnoteCount": 0,
      "nodeKinds": {
        "Figure": 3,
        "Heading": 2,
        "Link": 2,
        "List": 3,
        "ListItem": 10,
        "Paragraph": 21,
        "Span": 51,
      },
      "readingTimeInSeconds": 566.4,
      "slug": "oversight",
      "title": "Oversight",
      "topLevelNodeCount": 29,
    },
    {
      "footnoteCount": 0,
      "nodeKinds": {
        "Definition": 1,
        "Figure": 2,
        "Heading": 1,
        "List": 5,
        "ListItem": 12,
        "Paragraph": 15,
        "Span": 35,
      },
      "readingTimeInSeconds": 376.80000000000007,
      "slug": "task-decomposition",
      "title": "Task Decomposition",
      "topLevelNodeCount": 23,
    },
    {
      "footnoteCount": 0,
      "nodeKinds": {
        "Figure": 5,
        "Heading": 2,
        "Link": 15,
        "List": 3,
        "ListItem": 5,
        "Paragraph": 18,
        "Span": 55,
      },
      "readingTimeInSeconds": 674.1,
      "slug": "process-oversight",
      "title": "Process Oversight",
      "topLevelNodeCount": 28,
    },
    {
      "footnoteCount": 0,
      "nodeKinds": {
        "Figure": 3,
        "Heading": 3,
        "Link": 3,
        "List": 7,
        "ListItem": 29,
        "Paragraph": 18,
        "Span": 86,
      },
      "readingTimeInSeconds": 750.6000000000001,
      "slug": "iterated-amplification",
      "title": "Iterated Amplification",
      "topLevelNodeCount": 31,
    },
    {
      "footnoteCount": 0,
      "nodeKinds": {
        "Figure": 8,
        "Heading": 4,
        "Link": 34,
        "List": 2,
        "ListItem": 6,
        "Paragraph": 85,
        "Span": 172,
      },
      "readingTimeInSeconds": 2588.0999999999995,
      "slug": "debate",
      "title": "Debate",
      "topLevelNodeCount": 99,
    },
    {
      "footnoteCount": 0,
      "nodeKinds": {
        "Figure": 2,
        "Heading": 1,
        "Link": 7,
        "List": 5,
        "ListItem": 9,
        "Paragraph": 18,
        "Span": 47,
        "Video": 2,
      },
      "readingTimeInSeconds": 600.5999999999999,
      "slug": "weak-to-strong-w2s",
      "title": "Weak-to-Strong (W2S)",
      "topLevelNodeCount": 28,
    },
  ],
  "title": "Scalable Oversight",
}
`;

exports[`Transformer.transformChapter > produces a stable AST for 1hWdq25Nw175… 1`] = `
{
  "number": 1,
  "sectionCount": 11,
  "sections": [
    {
      "footnoteCount": 0,
      "nodeKinds": {
        "Figure": 1,
        "Paragraph": 7,
        "Span": 15,
      },
      "readingTimeInSeconds": 168.6,
      "slug": "introduction",
      "title": "Introduction",
      "topLevelNodeCount": 8,
    },
    {
      "footnoteCount": 0,
      "nodeKinds": {
        "Figure": 22,
        "Footnote": 2,
        "Heading": 7,
        "Iframe": 1,
        "Link": 45,
        "NoteBox": 1,
        "Paragraph": 21,
        "Quote": 1,
        "Span": 92,
        "SpanGroup": 1,
        "Video": 1,
      },
      "readingTimeInSeconds": 861,
      "slug": "current-capabilities",
      "title": "Current Capabilities",
      "topLevelNodeCount": 50,
    },
    {
      "footnoteCount": 0,
      "nodeKinds": {
        "Figure": 3,
        "Heading": 2,
        "Iframe": 2,
        "Link": 12,
        "Paragraph": 14,
        "Quote": 1,
        "Span": 40,
        "SpanGroup": 1,
        "Video": 1,
      },
      "readingTimeInSeconds": 468.00000000000006,
      "slug": "foundation-models",
      "title": "Foundation Models",
      "topLevelNodeCount": 23,
    },
    {
      "footnoteCount": 0,
      "nodeKinds": {
        "Definition": 4,
        "Figure": 6,
        "Footnote": 2,
        "Heading": 2,
        "Link": 24,
        "List": 3,
        "ListItem": 20,
        "NoteBox": 3,
        "Paragraph": 36,
        "Quote": 1,
        "Span": 129,
        "SpanGroup": 1,
      },
      "readingTimeInSeconds": 1119.6000000000001,
      "slug": "defining-and-measuring-agi",
      "title": "Defining and Measuring AGI",
      "topLevelNodeCount": 37,
    },
    {
      "footnoteCount": 0,
      "nodeKinds": {
        "Figure": 5,
        "Footnote": 1,
        "Heading": 3,
        "Iframe": 3,
        "Link": 16,
        "List": 1,
        "ListItem": 4,
        "NoteBox": 1,
        "Paragraph": 19,
        "Quote": 1,
        "Span": 65,
        "SpanGroup": 1,
      },
      "readingTimeInSeconds": 645.6,
      "slug": "leveraging-scale",
      "title": "Leveraging Scale",
      "topLevelNodeCount": 30,
    },
    {
      "footnoteCount": 0,
      "nodeKinds": {
        "DisplayEquation": 1,
        "Figure": 5,
        "Footnote": 1,
        "Heading": 2,
        "InlineEquation": 2,
        "Link": 13,
        "List": 2,
        "ListItem": 6,
        "Paragraph": 14,
        "Span": 63,
      },
      "readingTimeInSeconds": 533.7,
      "slug": "forecasting-timelines",
      "title": "Forecasting Timelines",
      "topLevelNodeCount": 22,
    },
    {
      "footnoteCount": 0,
      "nodeKinds": {
        "Figure": 6,
        "Heading": 2,
        "Link": 5,
        "List": 4,
        "ListItem": 13,
        "Paragraph": 24,
        "Quote": 2,
        "Span": 69,
        "SpanGroup": 2,
        "Video": 1,
      },
      "readingTimeInSeconds": 741.5999999999999,
      "slug": "takeoff",
      "title": "Takeoff",
      "topLevelNodeCount": 39,
    },
    {
      "footnoteCount": 0,
      "nodeKinds": {
        "Figure": 13,
        "Footnote": 2,
        "Heading": 6,
        "Iframe": 5,
        "InlineEquation": 1,
        "Link": 23,
        "Paragraph": 16,
        "Span": 59,
      },
      "readingTimeInSeconds": 693.9000000000001,
      "slug": "appendix-forecasting",
      "title": "Appendix: Forecasting",
      "topLevelNodeCount": 38,
    },
    {
      "footnoteCount": 0,
      "nodeKinds": {
        "Figure": 5,
        "Heading": 3,
        "Link": 1,
        "List": 1,
        "ListItem": 3,
        "Paragraph": 19,
        "Span": 44,
      },
      "readingTimeInSeconds": 555.3,
      "slug": "appendix-takeoff",
      "title": "Appendix: Takeoff",
      "topLevelNodeCount": 28,
    },
    {
      "footnoteCount": 0,
      "nodeKinds": {
        "Figure": 1,
        "Heading": 6,
        "Iframe": 2,
        "Link": 1,
        "Paragraph": 4,
        "Quote": 20,
        "Span": 34,
        "SpanGroup": 20,
        "Video": 1,
      },
      "readingTimeInSeconds": 466.19999999999993,
      "slug": "appendix-expert-surveys",
      "title": "Appendix: Expert Surveys",
      "topLevelNodeCount": 34,
    },
    {
      "footnoteCount": 0,
      "nodeKinds": {
        "Figure": 2,
        "Heading": 5,
        "Link": 46,
        "List": 7,
        "ListItem": 20,
        "NoteBox": 2,
        "Paragraph": 42,
        "Quote": 1,
        "Span": 157,
        "SpanGroup": 1,
      },
      "readingTimeInSeconds": 1269,
      "slug": "appendix-discussion-on-llms",
      "title": "Appendix: Discussion on LLMs",
      "topLevelNodeCount": 51,
    },
  ],
  "title": "Capabilities",
}
`;

exports[`Transformer.transformChapter > produces a stable AST for 1vWbtZ4_nXwl… 1`] = `
{
  "number": 3,
  "sectionCount": 10,
  "sections": [
    {
      "footnoteCount": 0,
      "nodeKinds": {
        "Figure": 1,
        "Link": 1,
        "List": 1,
        "ListItem": 6,
        "NoteBox": 1,
        "Paragraph": 5,
        "Span": 12,
        "Video": 1,
      },
      "readingTimeInSeconds": 159,
      "slug": "introduction",
      "title": "Introduction",
      "topLevelNodeCount": 6,
    },
    {
      "footnoteCount": 0,
      "nodeKinds": {
        "Definition": 4,
        "Footnote": 1,
        "Heading": 4,
        "Link": 18,
        "NoteBox": 1,
        "Paragraph": 20,
        "Span": 55,
      },
      "readingTimeInSeconds": 422.09999999999997,
      "slug": "definitions",
      "title": "Definitions",
      "topLevelNodeCount": 18,
    },
    {
      "footnoteCount": 0,
      "nodeKinds": {
        "Definition": 1,
        "Figure": 11,
        "Heading": 4,
        "Link": 62,
        "List": 9,
        "ListItem": 38,
        "NoteBox": 7,
        "Paragraph": 43,
        "Quote": 1,
        "Span": 201,
        "SpanGroup": 1,
      },
      "readingTimeInSeconds": 1452.6,
      "slug": "misuse-prevention-strategies",
      "title": "Misuse Prevention Strategies",
      "topLevelNodeCount": 38,
    },
    {
      "footnoteCount": 0,
      "nodeKinds": {
        "Figure": 5,
        "Footnote": 2,
        "Heading": 5,
        "Link": 62,
        "List": 6,
        "ListItem": 23,
        "NoteBox": 4,
        "Paragraph": 63,
        "Span": 208,
        "Video": 3,
      },
      "readingTimeInSeconds": 1860.6000000000004,
      "slug": "agi-safety-strategies",
      "title": "AGI Safety Strategies",
      "topLevelNodeCount": 64,
    },
    {
      "footnoteCount": 0,
      "nodeKinds": {
        "Figure": 2,
        "Heading": 4,
        "Link": 72,
        "List": 5,
        "ListItem": 13,
        "NoteBox": 4,
        "Paragraph": 55,
        "Quote": 2,
        "Span": 203,
        "SpanGroup": 2,
      },
      "readingTimeInSeconds": 1688.699999999999,
      "slug": "asi-safety-strategies",
      "title": "ASI Safety Strategies",
      "topLevelNodeCount": 52,
    },
    {
      "footnoteCount": 0,
      "nodeKinds": {
        "Figure": 9,
        "Footnote": 1,
        "Heading": 5,
        "InlineEquation": 1,
        "Link": 41,
        "List": 7,
        "ListItem": 25,
        "NoteBox": 3,
        "Paragraph": 46,
        "Quote": 1,
        "Span": 173,
        "SpanGroup": 1,
      },
      "readingTimeInSeconds": 1397.0999999999997,
      "slug": "socio-technical-strategies",
      "title": "Socio-Technical Strategies",
      "topLevelNodeCount": 54,
    },
    {
      "footnoteCount": 0,
      "nodeKinds": {
        "Figure": 1,
        "Paragraph": 6,
        "Span": 11,
      },
      "readingTimeInSeconds": 225.9,
      "slug": "combining-strategies",
      "title": "Combining Strategies",
      "topLevelNodeCount": 7,
    },
    {
      "footnoteCount": 0,
      "nodeKinds": {
        "Heading": 3,
        "Link": 20,
        "Paragraph": 18,
        "Quote": 1,
        "Span": 57,
        "SpanGroup": 1,
      },
      "readingTimeInSeconds": 417,
      "slug": "challenges",
      "title": "Challenges",
      "topLevelNodeCount": 22,
    },
    {
      "footnoteCount": 0,
      "nodeKinds": {
        "Paragraph": 5,
        "Span": 9,
      },
      "readingTimeInSeconds": 104.99999999999999,
      "slug": "conclusion",
      "title": "Conclusion",
      "topLevelNodeCount": 5,
    },
    {
      "footnoteCount": 0,
      "nodeKinds": {
        "Figure": 2,
        "Heading": 4,
        "Link": 14,
        "List": 1,
        "ListItem": 4,
        "Paragraph": 16,
        "Quote": 1,
        "Span": 60,
        "SpanGroup": 1,
      },
      "readingTimeInSeconds": 610.5,
      "slug": "appendix-long-term-questions",
      "title": "Appendix: Long-term questions",
      "topLevelNodeCount": 24,
    },
  ],
  "title": "Strategies",
}
`;

exports[`Transformer.transformChapter > produces a stable AST for 1xek7xTWiNI4… 1`] = `
{
  "number": 6,
  "sectionCount": 6,
  "sections": [
    {
      "footnoteCount": 0,
      "nodeKinds": {
        "Paragraph": 5,
        "Span": 10,
      },
      "readingTimeInSeconds": 81.89999999999999,
      "slug": "introduction",
      "title": "Introduction",
      "topLevelNodeCount": 5,
    },
    {
      "footnoteCount": 0,
      "nodeKinds": {
        "Callout": 1,
        "Definition": 4,
        "DisplayEquation": 4,
        "Figure": 1,
        "Heading": 4,
        "InlineEquation": 21,
        "Link": 6,
        "List": 4,
        "ListItem": 6,
        "Paragraph": 32,
        "Span": 66,
        "Video": 1,
      },
      "readingTimeInSeconds": 399.6000000000001,
      "slug": "reinforcement-learning",
      "title": "Reinforcement Learning",
      "topLevelNodeCount": 41,
    },
    {
      "footnoteCount": 0,
      "nodeKinds": {
        "Definition": 1,
        "Figure": 1,
        "Heading": 1,
        "Paragraph": 10,
        "Span": 11,
      },
      "readingTimeInSeconds": 222.89999999999998,
      "slug": "optimization",
      "title": "Optimization",
      "topLevelNodeCount": 12,
    },
    {
      "footnoteCount": 0,
      "nodeKinds": {
        "Definition": 6,
        "Figure": 7,
        "Heading": 4,
        "Link": 3,
        "List": 3,
        "ListItem": 11,
        "Paragraph": 35,
        "Span": 57,
        "Video": 1,
      },
      "readingTimeInSeconds": 637.8000000000001,
      "slug": "specification-gaming",
      "title": "Specification Gaming",
      "topLevelNodeCount": 50,
    },
    {
      "footnoteCount": 0,
      "nodeKinds": {
        "Definition": 6,
        "Figure": 2,
        "Heading": 6,
        "Link": 2,
        "List": 3,
        "ListItem": 5,
        "Paragraph": 30,
        "Span": 45,
      },
      "readingTimeInSeconds": 717.5999999999999,
      "slug": "learning-from-imitation",
      "title": "Learning from imitation",
      "topLevelNodeCount": 41,
    },
    {
      "footnoteCount": 0,
      "nodeKinds": {
        "Definition": 1,
        "Figure": 14,
        "Heading": 5,
        "Link": 27,
        "List": 16,
        "ListItem": 30,
        "NoteBox": 1,
        "Paragraph": 50,
        "Span": 139,
        "Video": 2,
      },
      "readingTimeInSeconds": 1310.9999999999998,
      "slug": "learning-from-feedback",
      "title": "Learning from feedback",
      "topLevelNodeCount": 84,
    },
  ],
  "title": "Specification Gaming",
}
`;

exports[`Transformer.transformChapter > produces a stable AST for 11YpIAKCHaB0… 1`] = `
{
  "number": 7,
  "sectionCount": 7,
  "sections": [
    {
      "footnoteCount": 0,
      "nodeKinds": {
        "Paragraph": 7,
        "Span": 13,
      },
      "readingTimeInSeconds": 195,
      "slug": "introduction",
      "title": "Introduction",
      "topLevelNodeCount": 7,
    },
    {
      "footnoteCount": 0,
      "nodeKinds": {
        "Definition": 1,
        "Figure": 8,
        "Heading": 2,
        "InlineEquation": 4,
        "Link": 8,
        "NoteBox": 1,
        "Paragraph": 18,
        "Span": 46,
        "Video": 2,
      },
      "readingTimeInSeconds": 511.2000000000001,
      "slug": "multi-objective-generalization",
      "title": "Multi Objective Generalization",
      "topLevelNodeCount": 29,
    },
    {
      "footnoteCount": 0,
      "nodeKinds": {
        "Definition": 4,
        "Figure": 5,
        "Footnote": 1,
        "Heading": 3,
        "Link": 19,
        "Paragraph": 23,
        "Span": 62,
        "Video": 1,
      },
      "readingTimeInSeconds": 711.6000000000001,
      "slug": "learning-dynamics",
      "title": "Learning Dynamics",
      "topLevelNodeCount": 31,
    },
    {
      "footnoteCount": 0,
      "nodeKinds": {
        "Definition": 4,
        "Figure": 4,
        "Footnote": 2,
        "Heading": 4,
        "Link": 26,
        "List": 2,
        "ListItem": 5,
        "NoteBox": 2,
        "Paragraph": 40,
        "Span": 103,
        "Video": 2,
      },
      "readingTimeInSeconds": 1048.5,
      "slug": "goal-directedness",
      "title": "Goal-Directedness",
      "topLevelNodeCount": 40,
    },
    {
      "footnoteCount": 0,
      "nodeKinds": {
        "Definition": 1,
        "Figure": 12,
        "Footnote": 3,
        "Heading": 15,
        "Link": 24,
        "List": 7,
        "ListItem": 19,
        "NoteBox": 2,
        "Paragraph": 61,
        "Span": 188,
        "Video": 1,
      },
      "readingTimeInSeconds": 1724.3999999999994,
      "slug": "scheming",
      "title": "Scheming",
      "topLevelNodeCount": 85,
    },
    {
      "footnoteCount": 0,
      "nodeKinds": {
        "Figure": 6,
        "Heading": 8,
        "Link": 19,
        "Paragraph": 23,
        "Span": 73,
      },
      "readingTimeInSeconds": 815.9999999999998,
      "slug": "detection",
      "title": "Detection",
      "topLevelNodeCount": 37,
    },
    {
      "footnoteCount": 0,
      "nodeKinds": {
        "Callout": 1,
        "Definition": 1,
        "DisplayEquation": 1,
        "Figure": 3,
        "Heading": 18,
        "InlineEquation": 4,
        "List": 1,
        "ListItem": 2,
        "NoteBox": 1,
        "Paragraph": 78,
        "Span": 162,
      },
      "readingTimeInSeconds": 1936.7999999999995,
      "slug": "mitigations",
      "title": "Mitigations",
      "topLevelNodeCount": 96,
    },
  ],
  "title": "Goal Misgeneralization",
}
`;

exports[`Transformer.transformChapter > produces a stable AST for 16Dk4IRy1NoM… 1`] = `
{
  "number": 4,
  "sectionCount": 9,
  "sections": [
    {
      "footnoteCount": 0,
      "nodeKinds": {
        "Figure": 1,
        "Link": 1,
        "Paragraph": 2,
        "Quote": 1,
        "Span": 6,
        "SpanGroup": 1,
      },
      "readingTimeInSeconds": 102.3,
      "slug": "introduction",
      "title": "Introduction",
      "topLevelNodeCount": 4,
    },
    {
      "footnoteCount": 0,
      "nodeKinds": {
        "Figure": 4,
        "Heading": 4,
        "Link": 30,
        "List": 1,
        "ListItem": 3,
        "Paragraph": 14,
        "Span": 67,
      },
      "readingTimeInSeconds": 400.8,
      "slug": "governance-problems",
      "title": "Governance Problems",
      "topLevelNodeCount": 23,
    },
    {
      "footnoteCount": 0,
      "nodeKinds": {
        "Figure": 8,
        "Footnote": 1,
        "Heading": 4,
        "Iframe": 2,
        "InlineEquation": 2,
        "Link": 51,
        "List": 1,
        "ListItem": 3,
        "Paragraph": 18,
        "Span": 97,
      },
      "readingTimeInSeconds": 708.8999999999999,
      "slug": "compute-governance",
      "title": "Compute Governance",
      "topLevelNodeCount": 32,
    },
    {
      "footnoteCount": 0,
      "nodeKinds": {
        "Figure": 7,
        "Heading": 5,
        "Iframe": 2,
        "Link": 52,
        "List": 4,
        "ListItem": 19,
        "NoteBox": 1,
        "Paragraph": 27,
        "Quote": 3,
        "Span": 146,
        "SpanGroup": 3,
      },
      "readingTimeInSeconds": 1043.1000000000001,
      "slug": "systemic-challenges",
      "title": "Systemic Challenges",
      "topLevelNodeCount": 46,
    },
    {
      "footnoteCount": 0,
      "nodeKinds": {
        "Figure": 13,
        "Heading": 6,
        "Iframe": 2,
        "Link": 64,
        "List": 11,
        "ListItem": 48,
        "NoteBox": 2,
        "Paragraph": 43,
        "Quote": 9,
        "Span": 236,
        "SpanGroup": 9,
      },
      "readingTimeInSeconds": 1737.8999999999996,
      "slug": "governance-architectures",
      "title": "Governance Architectures",
      "topLevelNodeCount": 83,
    },
    {
      "footnoteCount": 0,
      "nodeKinds": {
        "Figure": 1,
        "Heading": 4,
        "Link": 38,
        "List": 3,
        "ListItem": 15,
        "Paragraph": 16,
        "Span": 88,
      },
      "readingTimeInSeconds": 642.9000000000001,
      "slug": "implementation",
      "title": "Implementation",
      "topLevelNodeCount": 24,
    },
    {
      "footnoteCount": 0,
      "nodeKinds": {
        "Link": 23,
        "Paragraph": 10,
        "Span": 39,
      },
      "readingTimeInSeconds": 209.70000000000002,
      "slug": "conclusion",
      "title": "Conclusion",
      "topLevelNodeCount": 10,
    },
    {
      "footnoteCount": 0,
      "nodeKinds": {
        "Link": 10,
        "List": 2,
        "ListItem": 9,
        "Paragraph": 4,
        "Span": 35,
      },
      "readingTimeInSeconds": 198,
      "slug": "appendix-data-governance",
      "title": "Appendix: Data Governance",
      "topLevelNodeCount": 6,
    },
    {
      "footnoteCount": 0,
      "nodeKinds": {
        "Figure": 3,
        "Heading": 3,
        "InlineEquation": 1,
        "Link": 14,
        "List": 2,
        "ListItem": 7,
        "Paragraph": 19,
        "Span": 62,
      },
      "readingTimeInSeconds": 650.1,
      "slug": "appendix-national-governance",
      "title": "Appendix: National Governance",
      "topLevelNodeCount": 27,
    },
  ],
  "title": "Governance",
}
`;

exports[`Transformer.transformChapter > produces a stable AST for 165SypJtK-9S… 1`] = `
{
  "number": 5,
  "sectionCount": 11,
  "sections": [
    {
      "footnoteCount": 0,
      "nodeKinds": {
        "Figure": 1,
        "Paragraph": 9,
        "Quote": 1,
        "Span": 20,
        "SpanGroup": 1,
      },
      "readingTimeInSeconds": 300.59999999999997,
      "slug": "introduction",
      "title": "Introduction",
      "topLevelNodeCount": 11,
    },
    {
      "footnoteCount": 0,
      "nodeKinds": {
        "Callout": 1,
        "Definition": 1,
        "Figure": 10,
        "Footnote": 2,
        "Heading": 2,
        "Iframe": 2,
        "Link": 38,
        "NoteBox": 3,
        "Paragraph": 33,
        "Quote": 1,
        "Span": 98,
        "SpanGroup": 1,
      },
      "readingTimeInSeconds": 984.9,
      "slug": "benchmarks",
      "title": "Benchmarks",
      "topLevelNodeCount": 35,
    },
    {
      "footnoteCount": 0,
      "nodeKinds": {
        "Figure": 2,
        "Footnote": 6,
        "Heading": 3,
        "Link": 7,
        "List": 7,
        "ListItem": 29,
        "Paragraph": 24,
        "Span": 97,
      },
      "readingTimeInSeconds": 663,
      "slug": "evaluated-properties",
      "title": "Evaluated Properties",
      "topLevelNodeCount": 30,
    },
    {
      "footnoteCount": 0,
      "nodeKinds": {
        "Figure": 10,
        "Footnote": 2,
        "Heading": 2,
        "Link": 41,
        "List": 1,
        "ListItem": 4,
        "NoteBox": 1,
        "Paragraph": 40,
        "Span": 111,
      },
      "readingTimeInSeconds": 1190.7000000000005,
      "slug": "evaluation-techniques",
      "title": "Evaluation Techniques",
      "topLevelNodeCount": 48,
    },
    {
      "footnoteCount": 0,
      "nodeKinds": {
        "Figure": 5,
        "Footnote": 1,
        "Heading": 5,
        "Link": 18,
        "List": 1,
        "ListItem": 2,
        "NoteBox": 1,
        "Paragraph": 21,
        "Span": 62,
      },
      "readingTimeInSeconds": 599.6999999999998,
      "slug": "evaluation-frameworks",
      "title": "Evaluation Frameworks",
      "topLevelNodeCount": 30,
    },
    {
      "footnoteCount": 0,
      "nodeKinds": {
        "Callout": 1,
        "Figure": 14,
        "Footnote": 2,
        "Heading": 5,
        "Link": 69,
        "List": 15,
        "ListItem": 55,
        "NoteBox": 1,
        "Paragraph": 51,
        "Span": 256,
        "Video": 1,
      },
      "readingTimeInSeconds": 1988.1,
      "slug": "dangerous-capability-evaluations",
      "title": "Dangerous Capability Evaluations",
      "topLevelNodeCount": 83,
    },
    {
      "footnoteCount": 0,
      "nodeKinds": {
        "Figure": 7,
        "Heading": 2,
        "Link": 16,
        "List": 4,
        "ListItem": 12,
        "NoteBox": 2,
        "Paragraph": 23,
        "Span": 75,
      },
      "readingTimeInSeconds": 909.5999999999998,
      "slug": "dangerous-propensity-evaluations",
      "title": "Dangerous Propensity Evaluations",
      "topLevelNodeCount": 34,
    },
    {
      "footnoteCount": 0,
      "nodeKinds": {
        "Figure": 4,
        "Link": 23,
        "List": 5,
        "ListItem": 20,
        "Paragraph": 18,
        "Span": 89,
      },
      "readingTimeInSeconds": 684.6000000000001,
      "slug": "control-evaluations",
      "title": "Control Evaluations",
      "topLevelNodeCount": 27,
    },
    {
      "footnoteCount": 0,
      "nodeKinds": {
        "Figure": 6,
        "Heading": 3,
        "Link": 19,
        "List": 2,
        "ListItem": 7,
        "NoteBox": 2,
        "Paragraph": 22,
        "Span": 75,
      },
      "readingTimeInSeconds": 715.2,
      "slug": "evaluation-design",
      "title": "Evaluation Design",
      "topLevelNodeCount": 31,
    },
    {
      "footnoteCount": 0,
      "nodeKinds": {
        "Figure": 4,
        "Heading": 5,
        "Link": 21,
        "List": 1,
        "ListItem": 3,
        "NoteBox": 2,
        "Paragraph": 28,
        "Quote": 1,
        "Span": 83,
        "SpanGroup": 1,
      },
      "readingTimeInSeconds": 967.1999999999998,
      "slug": "limitations",
      "title": "Limitations",
      "topLevelNodeCount": 39,
    },
    {
      "footnoteCount": 0,
      "nodeKinds": {
        "Paragraph": 2,
        "Span": 2,
      },
      "readingTimeInSeconds": 39.9,
      "slug": "conclusion",
      "title": "Conclusion",
      "topLevelNodeCount": 2,
    },
  ],
  "title": "Evaluations",
}
`;
